2025-08-02 19:22:01,762 INFO o.a.j.u.JMeterUtils: Setting Locale to en_EN
2025-08-02 19:22:01,805 INFO o.a.j.JMeter: Loading user properties from: user.properties
2025-08-02 19:22:01,806 INFO o.a.j.JMeter: Loading system properties from: system.properties
2025-08-02 19:22:01,823 INFO o.a.j.JMeter: Copyright (c) 1998-2024 The Apache Software Foundation
2025-08-02 19:22:01,823 INFO o.a.j.JMeter: Version 5.6.3
2025-08-02 19:22:01,823 INFO o.a.j.JMeter: java.version=17.0.8
2025-08-02 19:22:01,823 INFO o.a.j.JMeter: java.vm.name=Java HotSpot(TM) 64-Bit Server VM
2025-08-02 19:22:01,824 INFO o.a.j.JMeter: os.name=Windows 11
2025-08-02 19:22:01,824 INFO o.a.j.JMeter: os.arch=amd64
2025-08-02 19:22:01,824 INFO o.a.j.JMeter: os.version=10.0
2025-08-02 19:22:01,824 INFO o.a.j.JMeter: file.encoding=Cp1252
2025-08-02 19:22:01,825 INFO o.a.j.JMeter: java.awt.headless=null
2025-08-02 19:22:01,825 INFO o.a.j.JMeter: Max memory     =1073741824
2025-08-02 19:22:01,825 INFO o.a.j.JMeter: Available Processors =8
2025-08-02 19:22:01,843 INFO o.a.j.JMeter: Default Locale=English (EN)
2025-08-02 19:22:01,843 INFO o.a.j.JMeter: JMeter  Locale=English (EN)
2025-08-02 19:22:01,843 INFO o.a.j.JMeter: JMeterHome=D:\pw\Live Classes\Devops April\Session-23\apache-jmeter-5.6.3\apache-jmeter-5.6.3
2025-08-02 19:22:01,845 INFO o.a.j.JMeter: user.dir  =D:\pw\Live Classes\Devops April\Session-23\apache-jmeter-5.6.3\apache-jmeter-5.6.3\bin
2025-08-02 19:22:01,845 INFO o.a.j.JMeter: PWD       =D:\pw\Live Classes\Devops April\Session-23\apache-jmeter-5.6.3\apache-jmeter-5.6.3\bin
2025-08-02 19:22:01,848 INFO o.a.j.JMeter: IP: 172.28.64.1 Name: DESKTOP-M4S6FPT FullName: DESKTOP-M4S6FPT.mshome.net
2025-08-02 19:22:01,884 INFO o.a.j.JMeter: Loaded icon properties from org/apache/jmeter/images/icon.properties
2025-08-02 19:22:02,351 INFO o.a.j.JMeterGuiLauncher: Setting LAF to: com.github.weisj.darklaf.DarkLaf:com.github.weisj.darklaf.theme.DarculaTheme
2025-08-02 19:27:18,752 INFO o.a.j.p.h.s.HTTPSamplerBase: Parser for text/html is org.apache.jmeter.protocol.http.parser.LagartoBasedHtmlParser
2025-08-02 19:27:18,753 INFO o.a.j.p.h.s.HTTPSamplerBase: Parser for application/xhtml+xml is org.apache.jmeter.protocol.http.parser.LagartoBasedHtmlParser
2025-08-02 19:27:18,754 INFO o.a.j.p.h.s.HTTPSamplerBase: Parser for application/xml is org.apache.jmeter.protocol.http.parser.LagartoBasedHtmlParser
2025-08-02 19:27:18,754 INFO o.a.j.p.h.s.HTTPSamplerBase: Parser for text/xml is org.apache.jmeter.protocol.http.parser.LagartoBasedHtmlParser
2025-08-02 19:27:18,754 INFO o.a.j.p.h.s.HTTPSamplerBase: Parser for text/vnd.wap.wml is org.apache.jmeter.protocol.http.parser.RegexpHTMLParser
2025-08-02 19:27:18,754 INFO o.a.j.p.h.s.HTTPSamplerBase: Parser for text/css is org.apache.jmeter.protocol.http.parser.CssParser
2025-08-02 19:30:07,038 INFO o.a.j.s.FileServer: Default base='D:\pw\Live Classes\Devops April\Session-23\apache-jmeter-5.6.3\apache-jmeter-5.6.3\bin'
2025-08-02 19:30:07,041 INFO o.a.j.s.FileServer: Set new base='D:\pw\Live Classes\Devops April\Session-23\apache-jmeter-5.6.3\apache-jmeter-5.6.3\bin'
2025-08-02 19:30:07,463 INFO o.a.j.s.SaveService: Testplan (JMX) version: 2.2. Testlog (JTL) version: 2.2
2025-08-02 19:30:07,521 INFO o.a.j.s.SaveService: Using SaveService properties version 5.0
2025-08-02 19:30:07,526 INFO o.a.j.s.SaveService: Using SaveService properties file encoding UTF-8
2025-08-02 19:30:07,565 INFO o.a.j.e.StandardJMeterEngine: Running the test!
2025-08-02 19:30:07,567 INFO o.a.j.s.SampleEvent: List of sample_variables: []
2025-08-02 19:30:07,567 INFO o.a.j.s.SampleEvent: List of sample_variables: []
2025-08-02 19:30:07,569 INFO o.a.j.e.u.CompoundVariable: Note: Function class names must contain the string: '.functions.'
2025-08-02 19:30:07,569 INFO o.a.j.e.u.CompoundVariable: Note: Function class names must not contain the string: '.gui.'
2025-08-02 19:30:07,733 INFO o.a.j.g.u.JMeterMenuBar: setRunning(true, *local*)
2025-08-02 19:30:07,793 INFO o.a.j.e.StandardJMeterEngine: Starting ThreadGroup: 1 : Thread Group
2025-08-02 19:30:07,793 INFO o.a.j.e.StandardJMeterEngine: Starting 10 threads for group Thread Group.
2025-08-02 19:30:07,793 INFO o.a.j.e.StandardJMeterEngine: Thread will continue on error
2025-08-02 19:30:07,793 INFO o.a.j.t.ThreadGroup: Starting thread group... number=1 threads=10 ramp-up=5 delayedStart=false
2025-08-02 19:30:07,800 INFO o.a.j.t.JMeterThread: Thread started: Thread Group 1-1
2025-08-02 19:30:07,808 INFO o.a.j.t.ThreadGroup: Started thread group number 1
2025-08-02 19:30:07,808 INFO o.a.j.e.StandardJMeterEngine: All thread groups have been started
2025-08-02 19:30:07,830 INFO o.a.j.p.h.s.HTTPHCAbstractImpl: Local host = DESKTOP-M4S6FPT
2025-08-02 19:30:07,853 INFO o.a.j.p.h.s.HTTPHC4Impl: HTTP request retry count = 0
2025-08-02 19:30:07,856 INFO o.a.j.s.SampleResult: Note: Sample TimeStamps are START times
2025-08-02 19:30:07,858 INFO o.a.j.s.SampleResult: sampleresult.default.encoding is set to UTF-8
2025-08-02 19:30:07,858 INFO o.a.j.s.SampleResult: sampleresult.useNanoTime=true
2025-08-02 19:30:07,858 INFO o.a.j.s.SampleResult: sampleresult.nanoThreadSleep=5000
2025-08-02 19:30:08,101 INFO o.a.j.p.h.s.h.LazyLayeredConnectionSocketFactory: Setting up HTTPS TrustAll Socket Factory
2025-08-02 19:30:08,110 INFO o.a.j.u.JsseSSLManager: Using default SSL protocol: TLS
2025-08-02 19:30:08,111 INFO o.a.j.u.JsseSSLManager: SSL session context: per-thread
2025-08-02 19:30:08,298 INFO o.a.j.t.JMeterThread: Thread started: Thread Group 1-2
2025-08-02 19:30:08,468 INFO o.a.j.u.SSLManager: JmeterKeyStore Location:  type JKS
2025-08-02 19:30:08,474 INFO o.a.j.u.SSLManager: KeyStore created OK
2025-08-02 19:30:08,474 WARN o.a.j.u.SSLManager: Keystore file not found, loading empty keystore
2025-08-02 19:30:08,797 INFO o.a.j.t.JMeterThread: Thread started: Thread Group 1-3
2025-08-02 19:30:09,297 INFO o.a.j.t.JMeterThread: Thread started: Thread Group 1-4
2025-08-02 19:30:09,410 INFO o.a.j.t.JMeterThread: Thread is done: Thread Group 1-1
2025-08-02 19:30:09,410 INFO o.a.j.t.JMeterThread: Thread is done: Thread Group 1-2
2025-08-02 19:30:09,412 INFO o.a.j.t.JMeterThread: Thread finished: Thread Group 1-1
2025-08-02 19:30:09,412 INFO o.a.j.t.JMeterThread: Thread is done: Thread Group 1-3
2025-08-02 19:30:09,412 INFO o.a.j.t.JMeterThread: Thread finished: Thread Group 1-2
2025-08-02 19:30:09,412 INFO o.a.j.t.JMeterThread: Thread finished: Thread Group 1-3
2025-08-02 19:30:09,763 INFO o.a.j.t.JMeterThread: Thread is done: Thread Group 1-4
2025-08-02 19:30:09,763 INFO o.a.j.t.JMeterThread: Thread finished: Thread Group 1-4
2025-08-02 19:30:09,800 INFO o.a.j.t.JMeterThread: Thread started: Thread Group 1-5
2025-08-02 19:30:10,292 INFO o.a.j.t.JMeterThread: Thread is done: Thread Group 1-5
2025-08-02 19:30:10,292 INFO o.a.j.t.JMeterThread: Thread finished: Thread Group 1-5
2025-08-02 19:30:10,315 INFO o.a.j.t.JMeterThread: Thread started: Thread Group 1-6
2025-08-02 19:30:10,777 INFO o.a.j.t.JMeterThread: Thread is done: Thread Group 1-6
2025-08-02 19:30:10,777 INFO o.a.j.t.JMeterThread: Thread finished: Thread Group 1-6
2025-08-02 19:30:10,810 INFO o.a.j.t.JMeterThread: Thread started: Thread Group 1-7
2025-08-02 19:30:11,300 INFO o.a.j.t.JMeterThread: Thread started: Thread Group 1-8
2025-08-02 19:30:11,310 INFO o.a.j.t.JMeterThread: Thread is done: Thread Group 1-7
2025-08-02 19:30:11,310 INFO o.a.j.t.JMeterThread: Thread finished: Thread Group 1-7
2025-08-02 19:30:11,799 INFO o.a.j.t.JMeterThread: Thread started: Thread Group 1-9
2025-08-02 19:30:11,801 INFO o.a.j.t.JMeterThread: Thread is done: Thread Group 1-8
2025-08-02 19:30:11,801 INFO o.a.j.t.JMeterThread: Thread finished: Thread Group 1-8
2025-08-02 19:30:12,300 INFO o.a.j.t.JMeterThread: Thread started: Thread Group 1-10
2025-08-02 19:30:12,312 INFO o.a.j.t.JMeterThread: Thread is done: Thread Group 1-9
2025-08-02 19:30:12,312 INFO o.a.j.t.JMeterThread: Thread finished: Thread Group 1-9
2025-08-02 19:30:12,765 INFO o.a.j.t.JMeterThread: Thread is done: Thread Group 1-10
2025-08-02 19:30:12,766 INFO o.a.j.t.JMeterThread: Thread finished: Thread Group 1-10
2025-08-02 19:30:12,767 INFO o.a.j.e.StandardJMeterEngine: Notifying test listeners of end of test
2025-08-02 19:30:12,768 INFO o.a.j.g.u.JMeterMenuBar: setRunning(false, *local*)
2025-08-02 19:30:18,309 INFO o.a.j.e.StandardJMeterEngine: Running the test!
2025-08-02 19:30:18,312 INFO o.a.j.s.SampleEvent: List of sample_variables: []
2025-08-02 19:30:18,313 INFO o.a.j.g.u.JMeterMenuBar: setRunning(true, *local*)
2025-08-02 19:30:18,375 INFO o.a.j.e.StandardJMeterEngine: Starting ThreadGroup: 1 : Thread Group
2025-08-02 19:30:18,375 INFO o.a.j.e.StandardJMeterEngine: Starting 10 threads for group Thread Group.
2025-08-02 19:30:18,375 INFO o.a.j.e.StandardJMeterEngine: Thread will continue on error
2025-08-02 19:30:18,375 INFO o.a.j.t.ThreadGroup: Starting thread group... number=1 threads=10 ramp-up=5 delayedStart=false
2025-08-02 19:30:18,376 INFO o.a.j.t.JMeterThread: Thread started: Thread Group 1-1
2025-08-02 19:30:18,381 INFO o.a.j.t.ThreadGroup: Started thread group number 1
2025-08-02 19:30:18,381 INFO o.a.j.e.StandardJMeterEngine: All thread groups have been started
2025-08-02 19:30:18,841 INFO o.a.j.t.JMeterThread: Thread is done: Thread Group 1-1
2025-08-02 19:30:18,842 INFO o.a.j.t.JMeterThread: Thread finished: Thread Group 1-1
2025-08-02 19:30:18,878 INFO o.a.j.t.JMeterThread: Thread started: Thread Group 1-2
2025-08-02 19:30:19,339 INFO o.a.j.t.JMeterThread: Thread is done: Thread Group 1-2
2025-08-02 19:30:19,339 INFO o.a.j.t.JMeterThread: Thread finished: Thread Group 1-2
2025-08-02 19:30:19,378 INFO o.a.j.t.JMeterThread: Thread started: Thread Group 1-3
2025-08-02 19:30:19,878 INFO o.a.j.t.JMeterThread: Thread started: Thread Group 1-4
2025-08-02 19:30:19,888 INFO o.a.j.t.JMeterThread: Thread is done: Thread Group 1-3
2025-08-02 19:30:19,888 INFO o.a.j.t.JMeterThread: Thread finished: Thread Group 1-3
2025-08-02 19:30:20,350 INFO o.a.j.t.JMeterThread: Thread is done: Thread Group 1-4
2025-08-02 19:30:20,350 INFO o.a.j.t.JMeterThread: Thread finished: Thread Group 1-4
2025-08-02 19:30:20,377 INFO o.a.j.t.JMeterThread: Thread started: Thread Group 1-5
2025-08-02 19:30:20,846 INFO o.a.j.t.JMeterThread: Thread is done: Thread Group 1-5
2025-08-02 19:30:20,846 INFO o.a.j.t.JMeterThread: Thread finished: Thread Group 1-5
2025-08-02 19:30:20,878 INFO o.a.j.t.JMeterThread: Thread started: Thread Group 1-6
2025-08-02 19:30:21,365 INFO o.a.j.t.JMeterThread: Thread is done: Thread Group 1-6
2025-08-02 19:30:21,365 INFO o.a.j.t.JMeterThread: Thread finished: Thread Group 1-6
2025-08-02 19:30:21,377 INFO o.a.j.t.JMeterThread: Thread started: Thread Group 1-7
2025-08-02 19:30:21,878 INFO o.a.j.t.JMeterThread: Thread is done: Thread Group 1-7
2025-08-02 19:30:21,879 INFO o.a.j.t.JMeterThread: Thread finished: Thread Group 1-7
2025-08-02 19:30:21,884 INFO o.a.j.t.JMeterThread: Thread started: Thread Group 1-8
2025-08-02 19:30:22,365 INFO o.a.j.t.JMeterThread: Thread is done: Thread Group 1-8
2025-08-02 19:30:22,365 INFO o.a.j.t.JMeterThread: Thread finished: Thread Group 1-8
2025-08-02 19:30:22,379 INFO o.a.j.t.JMeterThread: Thread started: Thread Group 1-9
2025-08-02 19:30:22,867 INFO o.a.j.t.JMeterThread: Thread is done: Thread Group 1-9
2025-08-02 19:30:22,867 INFO o.a.j.t.JMeterThread: Thread finished: Thread Group 1-9
2025-08-02 19:30:22,877 INFO o.a.j.t.JMeterThread: Thread started: Thread Group 1-10
2025-08-02 19:30:23,379 INFO o.a.j.t.JMeterThread: Thread is done: Thread Group 1-10
2025-08-02 19:30:23,379 INFO o.a.j.t.JMeterThread: Thread finished: Thread Group 1-10
2025-08-02 19:30:23,381 INFO o.a.j.e.StandardJMeterEngine: Notifying test listeners of end of test
2025-08-02 19:30:23,382 INFO o.a.j.g.u.JMeterMenuBar: setRunning(false, *local*)
2025-08-02 19:31:13,509 INFO o.a.j.e.StandardJMeterEngine: Running the test!
2025-08-02 19:31:13,511 INFO o.a.j.s.SampleEvent: List of sample_variables: []
2025-08-02 19:31:13,513 INFO o.a.j.g.u.JMeterMenuBar: setRunning(true, *local*)
2025-08-02 19:31:13,564 INFO o.a.j.e.StandardJMeterEngine: Starting ThreadGroup: 1 : Thread Group
2025-08-02 19:31:13,565 INFO o.a.j.e.StandardJMeterEngine: Starting 10 threads for group Thread Group.
2025-08-02 19:31:13,565 INFO o.a.j.e.StandardJMeterEngine: Thread will continue on error
2025-08-02 19:31:13,565 INFO o.a.j.t.ThreadGroup: Starting thread group... number=1 threads=10 ramp-up=5 delayedStart=false
2025-08-02 19:31:13,566 INFO o.a.j.t.JMeterThread: Thread started: Thread Group 1-1
2025-08-02 19:31:13,570 INFO o.a.j.t.ThreadGroup: Started thread group number 1
2025-08-02 19:31:13,571 INFO o.a.j.e.StandardJMeterEngine: All thread groups have been started
2025-08-02 19:31:14,043 INFO o.a.j.t.JMeterThread: Thread is done: Thread Group 1-1
2025-08-02 19:31:14,043 INFO o.a.j.t.JMeterThread: Thread finished: Thread Group 1-1
2025-08-02 19:31:14,070 INFO o.a.j.t.JMeterThread: Thread started: Thread Group 1-2
2025-08-02 19:31:14,569 INFO o.a.j.t.JMeterThread: Thread started: Thread Group 1-3
2025-08-02 19:31:14,577 INFO o.a.j.t.JMeterThread: Thread is done: Thread Group 1-2
2025-08-02 19:31:14,578 INFO o.a.j.t.JMeterThread: Thread finished: Thread Group 1-2
2025-08-02 19:31:15,036 INFO o.a.j.t.JMeterThread: Thread is done: Thread Group 1-3
2025-08-02 19:31:15,036 INFO o.a.j.t.JMeterThread: Thread finished: Thread Group 1-3
2025-08-02 19:31:15,069 INFO o.a.j.t.JMeterThread: Thread started: Thread Group 1-4
2025-08-02 19:31:15,568 INFO o.a.j.t.JMeterThread: Thread started: Thread Group 1-5
2025-08-02 19:31:15,569 INFO o.a.j.t.JMeterThread: Thread is done: Thread Group 1-4
2025-08-02 19:31:15,569 INFO o.a.j.t.JMeterThread: Thread finished: Thread Group 1-4
2025-08-02 19:31:16,068 INFO o.a.j.t.JMeterThread: Thread started: Thread Group 1-6
2025-08-02 19:31:16,076 INFO o.a.j.t.JMeterThread: Thread is done: Thread Group 1-5
2025-08-02 19:31:16,076 INFO o.a.j.t.JMeterThread: Thread finished: Thread Group 1-5
2025-08-02 19:31:16,527 INFO o.a.j.t.JMeterThread: Thread is done: Thread Group 1-6
2025-08-02 19:31:16,527 INFO o.a.j.t.JMeterThread: Thread finished: Thread Group 1-6
2025-08-02 19:31:16,570 INFO o.a.j.t.JMeterThread: Thread started: Thread Group 1-7
2025-08-02 19:31:17,068 INFO o.a.j.t.JMeterThread: Thread started: Thread Group 1-8
2025-08-02 19:31:17,073 INFO o.a.j.t.JMeterThread: Thread is done: Thread Group 1-7
2025-08-02 19:31:17,073 INFO o.a.j.t.JMeterThread: Thread finished: Thread Group 1-7
2025-08-02 19:31:17,526 INFO o.a.j.t.JMeterThread: Thread is done: Thread Group 1-8
2025-08-02 19:31:17,527 INFO o.a.j.t.JMeterThread: Thread finished: Thread Group 1-8
2025-08-02 19:31:17,570 INFO o.a.j.t.JMeterThread: Thread started: Thread Group 1-9
2025-08-02 19:31:18,053 INFO o.a.j.t.JMeterThread: Thread is done: Thread Group 1-9
2025-08-02 19:31:18,053 INFO o.a.j.t.JMeterThread: Thread finished: Thread Group 1-9
2025-08-02 19:31:18,068 INFO o.a.j.t.JMeterThread: Thread started: Thread Group 1-10
2025-08-02 19:31:18,556 INFO o.a.j.t.JMeterThread: Thread is done: Thread Group 1-10
2025-08-02 19:31:18,557 INFO o.a.j.t.JMeterThread: Thread finished: Thread Group 1-10
2025-08-02 19:31:18,557 INFO o.a.j.e.StandardJMeterEngine: Notifying test listeners of end of test
2025-08-02 19:31:18,558 INFO o.a.j.g.u.JMeterMenuBar: setRunning(false, *local*)
